2025-11-06 07:58:45,418 - DEBUG - Using selector: EpollSelector
2025-11-06 07:58:45,645 - INFO - Успешное подключение к Redis
2025-11-06 07:58:45,669 - ERROR - INFO:     Started server process [7]
2025-11-06 07:58:45,669 - ERROR - INFO:     Waiting for application startup.
2025-11-06 07:58:45,716 - INFO - Connection to the database is established
2025-11-06 07:58:45,716 - INFO - 
2025-11-06 07:58:45,716 - INFO - Запуск REST API сервера...
2025-11-06 07:58:45,716 - ERROR - INFO:     Application startup complete.
2025-11-06 07:58:45,717 - ERROR - INFO:     Uvicorn running on http://0.0.0.0:5001 (Press CTRL+C to quit)
2025-11-06 07:59:34,616 - INFO - Asynchronous call: create_questions
2025-11-06 07:59:34,616 - INFO - Asynchronous call: create_question_version_by_username_query
2025-11-06 07:59:34,623 - INFO - Asynchronous result create_question_version_by_username_query:
2025-11-06 07:59:34,623 - INFO - {'company_id': 4, 'version_no': 2}
2025-11-06 07:59:34,623 - INFO - Asynchronous result create_questions:
2025-11-06 07:59:34,623 - INFO - {'ok': True, 'company_id': 4, 'version_no': 2}
2025-11-06 07:59:34,624 - INFO - INFO:     172.18.0.4:52392 - "POST /create_questions?actor_username=imishgen HTTP/1.0" 200 OK
2025-11-06 08:17:17,677 - DEBUG - Using selector: EpollSelector
2025-11-06 08:17:17,905 - INFO - Успешное подключение к Redis
2025-11-06 08:17:17,930 - ERROR - INFO:     Started server process [7]
2025-11-06 08:17:17,930 - ERROR - INFO:     Waiting for application startup.
2025-11-06 08:17:18,162 - INFO - Connection to the database is established
2025-11-06 08:17:18,162 - INFO - 
2025-11-06 08:17:18,162 - INFO - Запуск REST API сервера...
2025-11-06 08:17:18,162 - ERROR - INFO:     Application startup complete.
2025-11-06 08:17:18,163 - ERROR - INFO:     Uvicorn running on http://0.0.0.0:5001 (Press CTRL+C to quit)
2025-11-06 08:19:34,221 - INFO - Asynchronous call: get_questions
2025-11-06 08:19:34,221 - INFO - Asynchronous call: get_questions_query
2025-11-06 08:19:34,225 - INFO - Asynchronous result get_questions_query:
2025-11-06 08:19:34,225 - INFO - {"1": "Что такое осень?", "2": "Это небо"}
2025-11-06 08:19:34,226 - INFO - Asynchronous result get_questions:
2025-11-06 08:19:34,226 - INFO - {'questions': ['Что такое осень?', 'Это небо']}
2025-11-06 08:19:34,226 - INFO - INFO:     172.18.0.4:42926 - "GET /get_questions?username=%40moiseyevanton HTTP/1.0" 200 OK
2025-11-06 08:20:42,489 - INFO - Asynchronous call: submit_emp_answers
2025-11-06 08:20:42,490 - INFO - Asynchronous call: get_bosses_tg_ids_query
2025-11-06 08:20:42,492 - INFO - Asynchronous result get_bosses_tg_ids_query:
2025-11-06 08:20:42,492 - INFO - {'found': {'@imishgen': 6376686274}, 'not_found': []}
2025-11-06 08:20:42,493 - INFO - Asynchronous call: get_user_ids
2025-11-06 08:20:42,502 - INFO - Asynchronous result get_user_ids:
2025-11-06 08:20:42,502 - INFO - [5960911489]
2025-11-06 08:20:42,503 - INFO - Asynchronous call: save_answers_by_username_query
2025-11-06 08:20:42,505 - INFO - Asynchronous result save_answers_by_username_query:
2025-11-06 08:20:42,505 - INFO - 1
2025-11-06 08:20:42,514 - DEBUG - connect_tcp.started host='217.26.24.217' port=443 local_address=None timeout=10.0 socket_options=None
2025-11-06 08:20:42,515 - DEBUG - connect_tcp.complete return_value=<httpcore._backends.anyio.AnyIOStream object at 0x7f36017c0550>
2025-11-06 08:20:42,516 - DEBUG - send_request_headers.started request=<Request [b'POST']>
2025-11-06 08:20:42,516 - DEBUG - send_request_headers.complete
2025-11-06 08:20:42,516 - DEBUG - send_request_body.started request=<Request [b'POST']>
2025-11-06 08:20:42,516 - DEBUG - send_request_body.complete
2025-11-06 08:20:42,516 - DEBUG - receive_response_headers.started request=<Request [b'POST']>
2025-11-06 08:20:42,748 - DEBUG - receive_response_headers.complete return_value=(b'HTTP/1.1', 200, b'OK', [(b'Content-Type', b'application/json; charset=utf-8'), (b'Content-Length', b'12'), (b'Date', b'Thu, 06 Nov 2025 08:20:42 GMT'), (b'Server', b'Python/3.11 aiohttp/3.12.15')])
2025-11-06 08:20:42,749 - INFO - HTTP Request: POST http://217.26.24.217:443/handle_worker_answers "HTTP/1.1 200 OK"
2025-11-06 08:20:42,749 - DEBUG - receive_response_body.started request=<Request [b'POST']>
2025-11-06 08:20:42,749 - DEBUG - receive_response_body.complete
2025-11-06 08:20:42,749 - DEBUG - response_closed.started
2025-11-06 08:20:42,749 - DEBUG - response_closed.complete
2025-11-06 08:20:42,749 - DEBUG - close.started
2025-11-06 08:20:42,749 - DEBUG - close.complete
2025-11-06 08:20:42,749 - INFO - Asynchronous result submit_emp_answers:
2025-11-06 08:20:42,749 - INFO - {'status': 'ok'}
2025-11-06 08:20:42,750 - INFO - INFO:     172.18.0.4:39312 - "POST /submit_emp_answers?actor_username=%40moiseyevanton HTTP/1.0" 200 OK
2025-11-06 08:23:30,148 - INFO - Asynchronous call: get_my_meetings
2025-11-06 08:23:30,148 - INFO - Asynchronous call: get_meetings_by_creator_query
2025-11-06 08:23:30,149 - INFO - Asynchronous call: get_subordinates
2025-11-06 08:23:30,149 - INFO - Asynchronous call: get_all_subordinates
2025-11-06 08:23:30,152 - INFO - Asynchronous result get_meetings_by_creator_query:
2025-11-06 08:23:30,152 - INFO - []
2025-11-06 08:23:30,152 - INFO - Asynchronous result get_my_meetings:
2025-11-06 08:23:30,152 - INFO - {'meetings': []}
2025-11-06 08:23:30,152 - INFO - INFO:     172.18.0.4:37176 - "GET /get_meetings?username=%40imishgen HTTP/1.0" 200 OK
2025-11-06 08:23:30,383 - INFO - Asynchronous result get_all_subordinates:
2025-11-06 08:23:30,383 - INFO - [<Record username='@moiseyevanton' fullname='Мандавоха Тоха Октаевич'>]
2025-11-06 08:23:30,383 - INFO - Asynchronous result get_subordinates:
2025-11-06 08:23:30,383 - INFO - {'subordinates': [{'username': '@moiseyevanton', 'fullname': 'Мандавоха Тоха Октаевич'}]}
2025-11-06 08:23:30,383 - INFO - INFO:     172.18.0.4:37180 - "GET /get_subordinates?username=%40imishgen HTTP/1.0" 200 OK
2025-11-06 08:24:02,910 - INFO - Asynchronous call: create_meeting
2025-11-06 08:24:02,911 - INFO - 0
2025-11-06 08:24:02,911 - INFO - Asynchronous call: create_meeting_handler
2025-11-06 08:24:02,911 - INFO - 1
2025-11-06 08:24:02,911 - INFO - 2
2025-11-06 08:24:02,912 - DEBUG - connect_tcp.started host='217.26.24.217' port=443 local_address=None timeout=10.0 socket_options=None
2025-11-06 08:24:02,913 - DEBUG - connect_tcp.complete return_value=<httpcore._backends.anyio.AnyIOStream object at 0x7f3600ec2c90>
2025-11-06 08:24:02,913 - DEBUG - send_request_headers.started request=<Request [b'POST']>
2025-11-06 08:24:02,914 - DEBUG - send_request_headers.complete
2025-11-06 08:24:02,914 - DEBUG - send_request_body.started request=<Request [b'POST']>
2025-11-06 08:24:02,914 - DEBUG - send_request_body.complete
2025-11-06 08:24:02,914 - DEBUG - receive_response_headers.started request=<Request [b'POST']>
2025-11-06 08:24:03,129 - DEBUG - receive_response_headers.complete return_value=(b'HTTP/1.1', 200, b'OK', [(b'Content-Type', b'application/json; charset=utf-8'), (b'Content-Length', b'40'), (b'Date', b'Thu, 06 Nov 2025 08:24:03 GMT'), (b'Server', b'Python/3.11 aiohttp/3.12.15')])
2025-11-06 08:24:03,129 - INFO - HTTP Request: POST http://217.26.24.217:443/create_meeting "HTTP/1.1 200 OK"
2025-11-06 08:24:03,130 - DEBUG - receive_response_body.started request=<Request [b'POST']>
2025-11-06 08:24:03,130 - DEBUG - receive_response_body.complete
2025-11-06 08:24:03,130 - DEBUG - response_closed.started
2025-11-06 08:24:03,130 - DEBUG - response_closed.complete
2025-11-06 08:24:03,130 - DEBUG - close.started
2025-11-06 08:24:03,131 - DEBUG - close.complete
2025-11-06 08:24:03,131 - INFO - 3
2025-11-06 08:24:03,131 - INFO - 6
2025-11-06 08:24:03,131 - INFO - 7
2025-11-06 08:24:03,131 - INFO - Asynchronous result create_meeting_handler:
2025-11-06 08:24:03,131 - INFO - {'ok': True, 'id': 1, 'echo': {'ok': True, 'sent': 1, 'meeting_id': 1}}
2025-11-06 08:24:03,131 - INFO - 8
2025-11-06 08:24:03,131 - INFO - Asynchronous result create_meeting:
2025-11-06 08:24:03,131 - INFO - {'ok': True, 'id': 1, 'echo': {'ok': True, 'sent': 1, 'meeting_id': 1}}
2025-11-06 08:24:03,132 - INFO - INFO:     172.18.0.4:57298 - "POST /create_meeting HTTP/1.0" 200 OK
2025-11-06 10:00:36,645 - DEBUG - Using selector: EpollSelector
2025-11-06 10:00:36,890 - INFO - Успешное подключение к Redis
2025-11-06 10:00:36,916 - ERROR - INFO:     Started server process [7]
2025-11-06 10:00:36,916 - ERROR - INFO:     Waiting for application startup.
2025-11-06 10:00:37,013 - INFO - Connection to the database is established
2025-11-06 10:00:37,013 - INFO - 
2025-11-06 10:00:37,013 - INFO - Запуск REST API сервера...
2025-11-06 10:00:37,013 - ERROR - INFO:     Application startup complete.
2025-11-06 10:00:37,013 - ERROR - INFO:     Uvicorn running on http://0.0.0.0:5001 (Press CTRL+C to quit)
2025-11-06 10:04:13,176 - DEBUG - Using selector: EpollSelector
2025-11-06 10:04:13,413 - INFO - Успешное подключение к Redis
2025-11-06 10:04:13,438 - ERROR - INFO:     Started server process [7]
2025-11-06 10:04:13,438 - ERROR - INFO:     Waiting for application startup.
2025-11-06 10:04:13,464 - INFO - Connection to the database is established
2025-11-06 10:04:13,464 - INFO - 
2025-11-06 10:04:13,464 - INFO - Запуск REST API сервера...
2025-11-06 10:04:13,465 - ERROR - INFO:     Application startup complete.
2025-11-06 10:04:13,465 - ERROR - INFO:     Uvicorn running on http://0.0.0.0:5001 (Press CTRL+C to quit)
2025-11-06 10:33:32,556 - DEBUG - Using selector: EpollSelector
2025-11-06 10:33:32,788 - INFO - Успешное подключение к Redis
2025-11-06 10:33:32,813 - ERROR - INFO:     Started server process [7]
2025-11-06 10:33:32,813 - ERROR - INFO:     Waiting for application startup.
2025-11-06 10:33:32,896 - INFO - Connection to the database is established
2025-11-06 10:33:32,896 - INFO - 
2025-11-06 10:33:32,896 - INFO - Запуск REST API сервера...
2025-11-06 10:33:32,896 - ERROR - INFO:     Application startup complete.
2025-11-06 10:33:32,896 - ERROR - INFO:     Uvicorn running on http://0.0.0.0:5001 (Press CTRL+C to quit)
2025-11-06 10:42:29,227 - INFO - Asynchronous call: get_questions
2025-11-06 10:42:29,228 - INFO - Asynchronous call: get_questions_query
2025-11-06 10:42:29,399 - INFO - Asynchronous result get_questions_query:
2025-11-06 10:42:29,399 - INFO - {"1": "Какая у вас должность в команде? ", "2": "Сколько вам лет?", "3": "Какой стаж работы? "}
2025-11-06 10:42:29,399 - INFO - Asynchronous result get_questions:
2025-11-06 10:42:29,399 - INFO - {'questions': ['Какая у вас должность в команде? ', 'Сколько вам лет?', 'Какой стаж работы? ']}
2025-11-06 10:42:29,399 - INFO - INFO:     172.18.0.4:34692 - "GET /get_questions?username=%40imishgen HTTP/1.0" 200 OK
2025-11-06 10:42:59,869 - INFO - Asynchronous call: get_questions
2025-11-06 10:42:59,869 - INFO - Asynchronous call: get_questions_query
2025-11-06 10:42:59,871 - INFO - Asynchronous result get_questions_query:
2025-11-06 10:42:59,871 - INFO - {"1": "Какая у вас должность в команде? ", "2": "Сколько вам лет?", "3": "Какой стаж работы? "}
2025-11-06 10:42:59,871 - INFO - Asynchronous result get_questions:
2025-11-06 10:42:59,871 - INFO - {'questions': ['Какая у вас должность в команде? ', 'Сколько вам лет?', 'Какой стаж работы? ']}
2025-11-06 10:42:59,871 - INFO - INFO:     172.18.0.4:60448 - "GET /get_questions?username=%40rin_rin16 HTTP/1.0" 200 OK
2025-11-06 10:43:50,570 - INFO - Asynchronous call: submit_emp_answers
2025-11-06 10:43:50,570 - INFO - Asynchronous call: get_bosses_tg_ids_query
2025-11-06 10:43:50,573 - INFO - Asynchronous result get_bosses_tg_ids_query:
2025-11-06 10:43:50,573 - INFO - {'found': {'@moiseyevanton': 5960911489}, 'not_found': []}
2025-11-06 10:43:50,573 - INFO - Asynchronous call: get_user_ids
2025-11-06 10:43:50,583 - INFO - Asynchronous result get_user_ids:
2025-11-06 10:43:50,583 - INFO - [6376686274]
2025-11-06 10:43:50,583 - INFO - Asynchronous call: save_answers_by_username_query
2025-11-06 10:43:50,586 - INFO - Asynchronous result save_answers_by_username_query:
2025-11-06 10:43:50,586 - INFO - 1
2025-11-06 10:43:50,595 - DEBUG - connect_tcp.started host='217.26.24.217' port=443 local_address=None timeout=10.0 socket_options=None
2025-11-06 10:43:50,596 - DEBUG - connect_tcp.complete return_value=<httpcore._backends.anyio.AnyIOStream object at 0x7fd9085d7c90>
2025-11-06 10:43:50,596 - DEBUG - send_request_headers.started request=<Request [b'POST']>
2025-11-06 10:43:50,597 - DEBUG - send_request_headers.complete
2025-11-06 10:43:50,597 - DEBUG - send_request_body.started request=<Request [b'POST']>
2025-11-06 10:43:50,597 - DEBUG - send_request_body.complete
2025-11-06 10:43:50,597 - DEBUG - receive_response_headers.started request=<Request [b'POST']>
2025-11-06 10:43:50,812 - DEBUG - receive_response_headers.complete return_value=(b'HTTP/1.1', 200, b'OK', [(b'Content-Type', b'application/json; charset=utf-8'), (b'Content-Length', b'12'), (b'Date', b'Thu, 06 Nov 2025 10:43:50 GMT'), (b'Server', b'Python/3.11 aiohttp/3.12.15')])
2025-11-06 10:43:50,812 - INFO - HTTP Request: POST http://217.26.24.217:443/handle_worker_answers "HTTP/1.1 200 OK"
2025-11-06 10:43:50,813 - DEBUG - receive_response_body.started request=<Request [b'POST']>
2025-11-06 10:43:50,813 - DEBUG - receive_response_body.complete
2025-11-06 10:43:50,813 - DEBUG - response_closed.started
2025-11-06 10:43:50,813 - DEBUG - response_closed.complete
2025-11-06 10:43:50,813 - DEBUG - close.started
2025-11-06 10:43:50,813 - DEBUG - close.complete
2025-11-06 10:43:50,814 - INFO - Asynchronous result submit_emp_answers:
2025-11-06 10:43:50,814 - INFO - {'status': 'ok'}
2025-11-06 10:43:50,814 - INFO - INFO:     172.18.0.4:38678 - "POST /submit_emp_answers?actor_username=%40imishgen HTTP/1.0" 200 OK
2025-11-06 10:44:25,115 - INFO - Asynchronous call: submit_emp_answers
2025-11-06 10:44:25,115 - INFO - Asynchronous call: get_bosses_tg_ids_query
2025-11-06 10:44:25,117 - INFO - Asynchronous result get_bosses_tg_ids_query:
2025-11-06 10:44:25,117 - INFO - {'found': {'@moiseyevanton': 5960911489}, 'not_found': []}
2025-11-06 10:44:25,117 - INFO - Asynchronous call: get_user_ids
2025-11-06 10:44:25,118 - INFO - Asynchronous result get_user_ids:
2025-11-06 10:44:25,118 - INFO - [5100984667]
2025-11-06 10:44:25,118 - INFO - Asynchronous call: save_answers_by_username_query
2025-11-06 10:44:25,120 - INFO - Asynchronous result save_answers_by_username_query:
2025-11-06 10:44:25,120 - INFO - 1
2025-11-06 10:44:25,121 - DEBUG - connect_tcp.started host='217.26.24.217' port=443 local_address=None timeout=10.0 socket_options=None
2025-11-06 10:44:25,125 - DEBUG - connect_tcp.complete return_value=<httpcore._backends.anyio.AnyIOStream object at 0x7fd90863f950>
2025-11-06 10:44:25,125 - DEBUG - send_request_headers.started request=<Request [b'POST']>
2025-11-06 10:44:25,125 - DEBUG - send_request_headers.complete
2025-11-06 10:44:25,125 - DEBUG - send_request_body.started request=<Request [b'POST']>
2025-11-06 10:44:25,125 - DEBUG - send_request_body.complete
2025-11-06 10:44:25,126 - DEBUG - receive_response_headers.started request=<Request [b'POST']>
2025-11-06 10:44:25,411 - DEBUG - receive_response_headers.complete return_value=(b'HTTP/1.1', 200, b'OK', [(b'Content-Type', b'application/json; charset=utf-8'), (b'Content-Length', b'12'), (b'Date', b'Thu, 06 Nov 2025 10:44:25 GMT'), (b'Server', b'Python/3.11 aiohttp/3.12.15')])
2025-11-06 10:44:25,412 - INFO - HTTP Request: POST http://217.26.24.217:443/handle_worker_answers "HTTP/1.1 200 OK"
2025-11-06 10:44:25,412 - DEBUG - receive_response_body.started request=<Request [b'POST']>
2025-11-06 10:44:25,412 - DEBUG - receive_response_body.complete
2025-11-06 10:44:25,412 - DEBUG - response_closed.started
2025-11-06 10:44:25,412 - DEBUG - response_closed.complete
2025-11-06 10:44:25,412 - DEBUG - close.started
2025-11-06 10:44:25,412 - DEBUG - close.complete
2025-11-06 10:44:25,413 - INFO - Asynchronous result submit_emp_answers:
2025-11-06 10:44:25,413 - INFO - {'status': 'ok'}
2025-11-06 10:44:25,413 - INFO - INFO:     172.18.0.4:34434 - "POST /submit_emp_answers?actor_username=%40rin_rin16 HTTP/1.0" 200 OK
2025-11-06 11:02:10,702 - INFO - Asynchronous call: get_subordinates
2025-11-06 11:02:10,702 - INFO - Asynchronous call: get_all_subordinates
2025-11-06 11:02:10,705 - INFO - Asynchronous call: get_my_meetings
2025-11-06 11:02:10,705 - INFO - Asynchronous call: get_meetings_by_creator_query
2025-11-06 11:02:10,791 - INFO - Asynchronous result get_meetings_by_creator_query:
2025-11-06 11:02:10,791 - INFO - []
2025-11-06 11:02:10,791 - INFO - Asynchronous result get_my_meetings:
2025-11-06 11:02:10,791 - INFO - {'meetings': []}
2025-11-06 11:02:10,791 - INFO - INFO:     172.18.0.4:33554 - "GET /get_meetings?username=%40moiseyevanton HTTP/1.0" 200 OK
2025-11-06 11:02:10,831 - INFO - Asynchronous result get_all_subordinates:
2025-11-06 11:02:10,831 - INFO - [<Record username='@imishgen' fullname='Величко Михаил Павлович'>, <Record username='@rin_rin16' fullname='Рынкевич Даниил Гелавич'>]
2025-11-06 11:02:10,831 - INFO - Asynchronous result get_subordinates:
2025-11-06 11:02:10,831 - INFO - {'subordinates': [{'username': '@imishgen', 'fullname': 'Величко Михаил Павлович'}, {'username': '@rin_rin16', 'fullname': 'Рынкевич Даниил Гелавич'}]}
2025-11-06 11:02:10,832 - INFO - INFO:     172.18.0.4:33540 - "GET /get_subordinates?username=%40moiseyevanton HTTP/1.0" 200 OK
2025-11-06 11:04:00,916 - INFO - Asynchronous call: create_meeting
2025-11-06 11:04:00,916 - INFO - 0
2025-11-06 11:04:00,916 - INFO - Asynchronous call: create_meeting_handler
2025-11-06 11:04:00,916 - INFO - 1
2025-11-06 11:04:00,917 - INFO - 2
2025-11-06 11:04:00,917 - DEBUG - connect_tcp.started host='217.26.24.217' port=443 local_address=None timeout=10.0 socket_options=None
2025-11-06 11:04:00,918 - DEBUG - connect_tcp.complete return_value=<httpcore._backends.anyio.AnyIOStream object at 0x7fd90865c890>
2025-11-06 11:04:00,918 - DEBUG - send_request_headers.started request=<Request [b'POST']>
2025-11-06 11:04:00,919 - DEBUG - send_request_headers.complete
2025-11-06 11:04:00,919 - DEBUG - send_request_body.started request=<Request [b'POST']>
2025-11-06 11:04:00,919 - DEBUG - send_request_body.complete
2025-11-06 11:04:00,919 - DEBUG - receive_response_headers.started request=<Request [b'POST']>
2025-11-06 11:04:01,047 - DEBUG - receive_response_headers.complete return_value=(b'HTTP/1.1', 200, b'OK', [(b'Content-Type', b'application/json; charset=utf-8'), (b'Content-Length', b'40'), (b'Date', b'Thu, 06 Nov 2025 11:04:01 GMT'), (b'Server', b'Python/3.11 aiohttp/3.12.15')])
2025-11-06 11:04:01,047 - INFO - HTTP Request: POST http://217.26.24.217:443/create_meeting "HTTP/1.1 200 OK"
2025-11-06 11:04:01,048 - DEBUG - receive_response_body.started request=<Request [b'POST']>
2025-11-06 11:04:01,048 - DEBUG - receive_response_body.complete
2025-11-06 11:04:01,048 - DEBUG - response_closed.started
2025-11-06 11:04:01,048 - DEBUG - response_closed.complete
2025-11-06 11:04:01,048 - DEBUG - close.started
2025-11-06 11:04:01,048 - DEBUG - close.complete
2025-11-06 11:04:01,049 - INFO - 3
2025-11-06 11:04:01,049 - INFO - 6
2025-11-06 11:04:01,049 - INFO - 7
2025-11-06 11:04:01,049 - INFO - Asynchronous result create_meeting_handler:
2025-11-06 11:04:01,049 - INFO - {'ok': True, 'id': 2, 'echo': {'ok': True, 'sent': 1, 'meeting_id': 2}}
2025-11-06 11:04:01,049 - INFO - 8
2025-11-06 11:04:01,049 - INFO - Asynchronous result create_meeting:
2025-11-06 11:04:01,049 - INFO - {'ok': True, 'id': 2, 'echo': {'ok': True, 'sent': 1, 'meeting_id': 2}}
2025-11-06 11:04:01,049 - INFO - INFO:     172.18.0.4:44118 - "POST /create_meeting HTTP/1.0" 200 OK
2025-11-06 11:07:36,436 - INFO - Asynchronous call: get_questions
2025-11-06 11:07:36,436 - INFO - Asynchronous call: get_questions_query
2025-11-06 11:07:36,625 - INFO - Asynchronous result get_questions_query:
2025-11-06 11:07:36,625 - INFO - {"1": "Какая у вас должность в команде? ", "2": "Сколько вам лет?", "3": "Какой стаж работы? "}
2025-11-06 11:07:36,625 - INFO - Asynchronous result get_questions:
2025-11-06 11:07:36,625 - INFO - {'questions': ['Какая у вас должность в команде? ', 'Сколько вам лет?', 'Какой стаж работы? ']}
2025-11-06 11:07:36,625 - INFO - INFO:     172.18.0.4:58272 - "GET /get_questions?username=%40kseni_laxx HTTP/1.0" 200 OK
2025-11-06 11:08:15,641 - INFO - Asynchronous call: get_questions
2025-11-06 11:08:15,641 - INFO - Asynchronous call: get_questions_query
2025-11-06 11:08:15,642 - INFO - Asynchronous result get_questions_query:
2025-11-06 11:08:15,642 - INFO - {"1": "Какая у вас должность в команде? ", "2": "Сколько вам лет?", "3": "Какой стаж работы? "}
2025-11-06 11:08:15,642 - INFO - Asynchronous result get_questions:
2025-11-06 11:08:15,642 - INFO - {'questions': ['Какая у вас должность в команде? ', 'Сколько вам лет?', 'Какой стаж работы? ']}
2025-11-06 11:08:15,643 - INFO - INFO:     172.18.0.4:50738 - "GET /get_questions?username=%40kseni_laxx HTTP/1.0" 200 OK
2025-11-06 11:09:21,465 - INFO - Asynchronous call: submit_emp_answers
2025-11-06 11:09:21,465 - INFO - Asynchronous call: get_bosses_tg_ids_query
2025-11-06 11:09:21,467 - INFO - Asynchronous result get_bosses_tg_ids_query:
2025-11-06 11:09:21,467 - INFO - {'found': {'@moiseyevanton': 5960911489}, 'not_found': []}
2025-11-06 11:09:21,467 - INFO - Asynchronous call: get_user_ids
2025-11-06 11:09:21,476 - INFO - Asynchronous result get_user_ids:
2025-11-06 11:09:21,476 - INFO - [1017236652]
2025-11-06 11:09:21,476 - INFO - Asynchronous call: save_answers_by_username_query
2025-11-06 11:09:21,478 - INFO - Asynchronous result save_answers_by_username_query:
2025-11-06 11:09:21,478 - INFO - 1
2025-11-06 11:09:21,479 - DEBUG - connect_tcp.started host='217.26.24.217' port=443 local_address=None timeout=10.0 socket_options=None
2025-11-06 11:09:21,480 - DEBUG - connect_tcp.complete return_value=<httpcore._backends.anyio.AnyIOStream object at 0x7fd90863fa90>
2025-11-06 11:09:21,480 - DEBUG - send_request_headers.started request=<Request [b'POST']>
2025-11-06 11:09:21,481 - DEBUG - send_request_headers.complete
2025-11-06 11:09:21,481 - DEBUG - send_request_body.started request=<Request [b'POST']>
2025-11-06 11:09:21,481 - DEBUG - send_request_body.complete
2025-11-06 11:09:21,481 - DEBUG - receive_response_headers.started request=<Request [b'POST']>
2025-11-06 11:09:21,713 - DEBUG - receive_response_headers.complete return_value=(b'HTTP/1.1', 200, b'OK', [(b'Content-Type', b'application/json; charset=utf-8'), (b'Content-Length', b'12'), (b'Date', b'Thu, 06 Nov 2025 11:09:21 GMT'), (b'Server', b'Python/3.11 aiohttp/3.12.15')])
2025-11-06 11:09:21,714 - INFO - HTTP Request: POST http://217.26.24.217:443/handle_worker_answers "HTTP/1.1 200 OK"
2025-11-06 11:09:21,714 - DEBUG - receive_response_body.started request=<Request [b'POST']>
2025-11-06 11:09:21,714 - DEBUG - receive_response_body.complete
2025-11-06 11:09:21,714 - DEBUG - response_closed.started
2025-11-06 11:09:21,714 - DEBUG - response_closed.complete
2025-11-06 11:09:21,714 - DEBUG - close.started
2025-11-06 11:09:21,714 - DEBUG - close.complete
2025-11-06 11:09:21,715 - INFO - Asynchronous result submit_emp_answers:
2025-11-06 11:09:21,715 - INFO - {'status': 'ok'}
2025-11-06 11:09:21,715 - INFO - INFO:     172.18.0.4:60762 - "POST /submit_emp_answers?actor_username=%40kseni_laxx HTTP/1.0" 200 OK
2025-11-06 11:16:27,849 - INFO - Asynchronous call: get_questions
2025-11-06 11:16:27,849 - INFO - Asynchronous call: get_questions_query
2025-11-06 11:16:28,028 - INFO - Asynchronous result get_questions_query:
2025-11-06 11:16:28,028 - INFO - {"1": "Какая у вас должность в команде? ", "2": "Сколько вам лет?", "3": "Какой стаж работы? "}
2025-11-06 11:16:28,028 - INFO - Asynchronous result get_questions:
2025-11-06 11:16:28,028 - INFO - {'questions': ['Какая у вас должность в команде? ', 'Сколько вам лет?', 'Какой стаж работы? ']}
2025-11-06 11:16:28,028 - INFO - INFO:     172.18.0.4:46850 - "GET /get_questions?username=%40AlexandrTusikov HTTP/1.0" 200 OK
2025-11-06 12:13:00,041 - INFO - Asynchronous call: get_questions
2025-11-06 12:13:00,041 - INFO - Asynchronous call: get_questions_query
2025-11-06 12:13:00,127 - INFO - Asynchronous result get_questions_query:
2025-11-06 12:13:00,127 - INFO - {"1": "Какая у вас должность в команде? ", "2": "Сколько вам лет?", "3": "Какой стаж работы? "}
2025-11-06 12:13:00,127 - INFO - Asynchronous result get_questions:
2025-11-06 12:13:00,128 - INFO - {'questions': ['Какая у вас должность в команде? ', 'Сколько вам лет?', 'Какой стаж работы? ']}
2025-11-06 12:13:00,128 - INFO - INFO:     172.18.0.4:37168 - "GET /get_questions?username=%40riftinink HTTP/1.0" 200 OK
2025-11-06 12:14:15,383 - INFO - Asynchronous call: submit_emp_answers
2025-11-06 12:14:15,383 - INFO - Asynchronous call: get_bosses_tg_ids_query
2025-11-06 12:14:15,386 - INFO - Asynchronous result get_bosses_tg_ids_query:
2025-11-06 12:14:15,386 - INFO - {'found': {'@moiseyevanton': 5960911489}, 'not_found': []}
2025-11-06 12:14:15,386 - INFO - Asynchronous call: get_user_ids
2025-11-06 12:14:15,395 - INFO - Asynchronous result get_user_ids:
2025-11-06 12:14:15,395 - INFO - [877617880]
2025-11-06 12:14:15,395 - INFO - Asynchronous call: save_answers_by_username_query
2025-11-06 12:14:15,398 - INFO - Asynchronous result save_answers_by_username_query:
2025-11-06 12:14:15,398 - INFO - 1
2025-11-06 12:14:15,399 - DEBUG - connect_tcp.started host='217.26.24.217' port=443 local_address=None timeout=10.0 socket_options=None
2025-11-06 12:14:15,400 - DEBUG - connect_tcp.complete return_value=<httpcore._backends.anyio.AnyIOStream object at 0x7fd90865ca10>
2025-11-06 12:14:15,400 - DEBUG - send_request_headers.started request=<Request [b'POST']>
2025-11-06 12:14:15,400 - DEBUG - send_request_headers.complete
2025-11-06 12:14:15,400 - DEBUG - send_request_body.started request=<Request [b'POST']>
2025-11-06 12:14:15,400 - DEBUG - send_request_body.complete
2025-11-06 12:14:15,400 - DEBUG - receive_response_headers.started request=<Request [b'POST']>
2025-11-06 12:14:15,809 - DEBUG - receive_response_headers.complete return_value=(b'HTTP/1.1', 200, b'OK', [(b'Content-Type', b'application/json; charset=utf-8'), (b'Content-Length', b'12'), (b'Date', b'Thu, 06 Nov 2025 12:14:15 GMT'), (b'Server', b'Python/3.11 aiohttp/3.12.15')])
2025-11-06 12:14:15,809 - INFO - HTTP Request: POST http://217.26.24.217:443/handle_worker_answers "HTTP/1.1 200 OK"
2025-11-06 12:14:15,809 - DEBUG - receive_response_body.started request=<Request [b'POST']>
2025-11-06 12:14:15,809 - DEBUG - receive_response_body.complete
2025-11-06 12:14:15,809 - DEBUG - response_closed.started
2025-11-06 12:14:15,809 - DEBUG - response_closed.complete
2025-11-06 12:14:15,809 - DEBUG - close.started
2025-11-06 12:14:15,810 - DEBUG - close.complete
2025-11-06 12:14:15,810 - INFO - Asynchronous result submit_emp_answers:
2025-11-06 12:14:15,810 - INFO - {'status': 'ok'}
2025-11-06 12:14:15,810 - INFO - INFO:     172.18.0.4:40224 - "POST /submit_emp_answers?actor_username=%40riftinink HTTP/1.0" 200 OK
2025-11-06 13:55:08,241 - INFO - Asynchronous call: get_questions
2025-11-06 13:55:08,241 - INFO - Asynchronous call: get_questions_query
2025-11-06 13:55:08,291 - INFO - Asynchronous result get_questions_query:
2025-11-06 13:55:08,291 - INFO - {"1": "Какая у вас должность в команде? ", "2": "Сколько вам лет?", "3": "Какой стаж работы? "}
2025-11-06 13:55:08,291 - INFO - Asynchronous result get_questions:
2025-11-06 13:55:08,292 - INFO - {'questions': ['Какая у вас должность в команде? ', 'Сколько вам лет?', 'Какой стаж работы? ']}
2025-11-06 13:55:08,292 - INFO - INFO:     172.18.0.4:39814 - "GET /get_questions?username=%40AlexandrTusikov HTTP/1.0" 200 OK
2025-11-06 13:55:49,423 - INFO - Asynchronous call: get_questions
2025-11-06 13:55:49,424 - INFO - Asynchronous call: get_questions_query
2025-11-06 13:55:49,426 - INFO - Asynchronous result get_questions_query:
2025-11-06 13:55:49,426 - INFO - {"1": "Какая у вас должность в команде? ", "2": "Сколько вам лет?", "3": "Какой стаж работы? "}
2025-11-06 13:55:49,426 - INFO - Asynchronous result get_questions:
2025-11-06 13:55:49,426 - INFO - {'questions': ['Какая у вас должность в команде? ', 'Сколько вам лет?', 'Какой стаж работы? ']}
2025-11-06 13:55:49,427 - INFO - INFO:     172.18.0.4:38052 - "GET /get_questions?username=%40madam_mayor HTTP/1.0" 200 OK
2025-11-06 13:55:59,940 - INFO - Asynchronous call: get_questions
2025-11-06 13:55:59,940 - INFO - Asynchronous call: get_questions_query
2025-11-06 13:55:59,942 - INFO - Asynchronous result get_questions_query:
2025-11-06 13:55:59,942 - INFO - {"1": "Какая у вас должность в команде? ", "2": "Сколько вам лет?", "3": "Какой стаж работы? "}
2025-11-06 13:55:59,942 - INFO - Asynchronous result get_questions:
2025-11-06 13:55:59,942 - INFO - {'questions': ['Какая у вас должность в команде? ', 'Сколько вам лет?', 'Какой стаж работы? ']}
2025-11-06 13:55:59,943 - INFO - INFO:     172.18.0.4:53152 - "GET /get_questions?username=%40AlexandrTusikov HTTP/1.0" 200 OK
2025-11-06 13:56:51,928 - INFO - Asynchronous call: submit_emp_answers
2025-11-06 13:56:51,928 - INFO - Asynchronous call: get_bosses_tg_ids_query
2025-11-06 13:56:51,931 - INFO - Asynchronous result get_bosses_tg_ids_query:
2025-11-06 13:56:51,931 - INFO - {'found': {'@moiseyevanton': 5960911489}, 'not_found': []}
2025-11-06 13:56:51,931 - INFO - Asynchronous call: get_user_ids
2025-11-06 13:56:51,942 - INFO - Asynchronous result get_user_ids:
2025-11-06 13:56:51,942 - INFO - [994146506]
2025-11-06 13:56:51,942 - INFO - Asynchronous call: save_answers_by_username_query
2025-11-06 13:56:51,945 - INFO - Asynchronous result save_answers_by_username_query:
2025-11-06 13:56:51,945 - INFO - 1
2025-11-06 13:56:51,946 - DEBUG - connect_tcp.started host='217.26.24.217' port=443 local_address=None timeout=10.0 socket_options=None
2025-11-06 13:56:51,947 - DEBUG - connect_tcp.complete return_value=<httpcore._backends.anyio.AnyIOStream object at 0x7fd908f38110>
2025-11-06 13:56:51,947 - DEBUG - send_request_headers.started request=<Request [b'POST']>
2025-11-06 13:56:51,947 - DEBUG - send_request_headers.complete
2025-11-06 13:56:51,948 - DEBUG - send_request_body.started request=<Request [b'POST']>
2025-11-06 13:56:51,948 - DEBUG - send_request_body.complete
2025-11-06 13:56:51,948 - DEBUG - receive_response_headers.started request=<Request [b'POST']>
2025-11-06 13:56:52,241 - DEBUG - receive_response_headers.complete return_value=(b'HTTP/1.1', 200, b'OK', [(b'Content-Type', b'application/json; charset=utf-8'), (b'Content-Length', b'12'), (b'Date', b'Thu, 06 Nov 2025 13:56:52 GMT'), (b'Server', b'Python/3.11 aiohttp/3.12.15')])
2025-11-06 13:56:52,241 - INFO - HTTP Request: POST http://217.26.24.217:443/handle_worker_answers "HTTP/1.1 200 OK"
2025-11-06 13:56:52,242 - DEBUG - receive_response_body.started request=<Request [b'POST']>
2025-11-06 13:56:52,242 - DEBUG - receive_response_body.complete
2025-11-06 13:56:52,242 - DEBUG - response_closed.started
2025-11-06 13:56:52,242 - DEBUG - response_closed.complete
2025-11-06 13:56:52,242 - DEBUG - close.started
2025-11-06 13:56:52,242 - DEBUG - close.complete
2025-11-06 13:56:52,242 - INFO - Asynchronous result submit_emp_answers:
2025-11-06 13:56:52,242 - INFO - {'status': 'ok'}
2025-11-06 13:56:52,242 - INFO - INFO:     172.18.0.4:57678 - "POST /submit_emp_answers?actor_username=%40AlexandrTusikov HTTP/1.0" 200 OK
2025-11-06 13:56:54,198 - INFO - Asynchronous call: submit_emp_answers
2025-11-06 13:56:54,198 - INFO - Asynchronous call: get_bosses_tg_ids_query
2025-11-06 13:56:54,199 - INFO - Asynchronous result get_bosses_tg_ids_query:
2025-11-06 13:56:54,199 - INFO - {'found': {'@moiseyevanton': 5960911489}, 'not_found': []}
2025-11-06 13:56:54,199 - INFO - Asynchronous call: get_user_ids
2025-11-06 13:56:54,200 - INFO - Asynchronous result get_user_ids:
2025-11-06 13:56:54,200 - INFO - [441532640]
2025-11-06 13:56:54,200 - INFO - Asynchronous call: save_answers_by_username_query
2025-11-06 13:56:54,202 - INFO - Asynchronous result save_answers_by_username_query:
2025-11-06 13:56:54,202 - INFO - 1
2025-11-06 13:56:54,203 - DEBUG - connect_tcp.started host='217.26.24.217' port=443 local_address=None timeout=10.0 socket_options=None
2025-11-06 13:56:54,204 - DEBUG - connect_tcp.complete return_value=<httpcore._backends.anyio.AnyIOStream object at 0x7fd90865c5d0>
2025-11-06 13:56:54,204 - DEBUG - send_request_headers.started request=<Request [b'POST']>
2025-11-06 13:56:54,204 - DEBUG - send_request_headers.complete
2025-11-06 13:56:54,204 - DEBUG - send_request_body.started request=<Request [b'POST']>
2025-11-06 13:56:54,204 - DEBUG - send_request_body.complete
2025-11-06 13:56:54,204 - DEBUG - receive_response_headers.started request=<Request [b'POST']>
2025-11-06 13:56:54,458 - DEBUG - receive_response_headers.complete return_value=(b'HTTP/1.1', 200, b'OK', [(b'Content-Type', b'application/json; charset=utf-8'), (b'Content-Length', b'12'), (b'Date', b'Thu, 06 Nov 2025 13:56:54 GMT'), (b'Server', b'Python/3.11 aiohttp/3.12.15')])
2025-11-06 13:56:54,458 - INFO - HTTP Request: POST http://217.26.24.217:443/handle_worker_answers "HTTP/1.1 200 OK"
2025-11-06 13:56:54,458 - DEBUG - receive_response_body.started request=<Request [b'POST']>
2025-11-06 13:56:54,458 - DEBUG - receive_response_body.complete
2025-11-06 13:56:54,458 - DEBUG - response_closed.started
2025-11-06 13:56:54,458 - DEBUG - response_closed.complete
2025-11-06 13:56:54,459 - DEBUG - close.started
2025-11-06 13:56:54,459 - DEBUG - close.complete
2025-11-06 13:56:54,459 - INFO - Asynchronous result submit_emp_answers:
2025-11-06 13:56:54,459 - INFO - {'status': 'ok'}
2025-11-06 13:56:54,459 - INFO - INFO:     172.18.0.4:56226 - "POST /submit_emp_answers?actor_username=%40madam_mayor HTTP/1.0" 200 OK
2025-11-06 14:29:23,938 - INFO - Asynchronous call: get_questions
2025-11-06 14:29:23,939 - INFO - Asynchronous call: get_questions_query
2025-11-06 14:29:24,109 - INFO - Asynchronous result get_questions_query:
2025-11-06 14:29:24,109 - INFO - {"1": "роль ", "2": "должность "}
2025-11-06 14:29:24,109 - INFO - Asynchronous result get_questions:
2025-11-06 14:29:24,109 - INFO - {'questions': ['роль ', 'должность ']}
2025-11-06 14:29:24,109 - INFO - INFO:     172.18.0.4:54854 - "GET /get_questions?username=%40iluxass HTTP/1.0" 200 OK
2025-11-06 14:30:10,103 - INFO - Asynchronous call: submit_emp_answers
2025-11-06 14:30:10,103 - INFO - Asynchronous call: get_bosses_tg_ids_query
2025-11-06 14:30:10,105 - INFO - Asynchronous result get_bosses_tg_ids_query:
2025-11-06 14:30:10,106 - INFO - {'found': {}, 'not_found': ['@taburinsky']}
2025-11-06 14:30:10,106 - INFO - Asynchronous result submit_emp_answers:
2025-11-06 14:30:10,106 - INFO - {'status': 'nf_error'}
2025-11-06 14:30:10,106 - INFO - INFO:     172.18.0.4:38566 - "POST /submit_emp_answers?actor_username=%40iluxass HTTP/1.0" 200 OK
2025-11-06 14:30:24,331 - INFO - Asynchronous call: submit_emp_answers
2025-11-06 14:30:24,331 - INFO - Asynchronous call: get_bosses_tg_ids_query
2025-11-06 14:30:24,332 - INFO - Asynchronous result get_bosses_tg_ids_query:
2025-11-06 14:30:24,333 - INFO - {'found': {}, 'not_found': ['@taburinsky']}
2025-11-06 14:30:24,333 - INFO - Asynchronous result submit_emp_answers:
2025-11-06 14:30:24,333 - INFO - {'status': 'nf_error'}
2025-11-06 14:30:24,333 - INFO - INFO:     172.18.0.4:59720 - "POST /submit_emp_answers?actor_username=%40iluxass HTTP/1.0" 200 OK
2025-11-06 14:31:01,423 - INFO - Asynchronous call: get_questions
2025-11-06 14:31:01,423 - INFO - Asynchronous call: get_questions_query
2025-11-06 14:31:01,425 - INFO - Asynchronous result get_questions_query:
2025-11-06 14:31:01,425 - INFO - {"1": "роль ", "2": "должность "}
2025-11-06 14:31:01,425 - INFO - Asynchronous result get_questions:
2025-11-06 14:31:01,425 - INFO - {'questions': ['роль ', 'должность ']}
2025-11-06 14:31:01,426 - INFO - INFO:     172.18.0.4:55936 - "GET /get_questions?username=%40iluxass HTTP/1.0" 200 OK
2025-11-06 14:31:25,934 - INFO - Asynchronous call: submit_emp_answers
2025-11-06 14:31:25,934 - INFO - Asynchronous call: get_bosses_tg_ids_query
2025-11-06 14:31:25,936 - INFO - Asynchronous result get_bosses_tg_ids_query:
2025-11-06 14:31:25,936 - INFO - {'found': {'@Taburinsky': 130034615}, 'not_found': []}
2025-11-06 14:31:25,936 - INFO - Asynchronous call: get_user_ids
2025-11-06 14:31:25,945 - INFO - Asynchronous result get_user_ids:
2025-11-06 14:31:25,945 - INFO - [591009822]
2025-11-06 14:31:25,945 - INFO - Asynchronous call: save_answers_by_username_query
2025-11-06 14:31:25,948 - INFO - Asynchronous result save_answers_by_username_query:
2025-11-06 14:31:25,948 - INFO - 1
2025-11-06 14:31:25,949 - DEBUG - connect_tcp.started host='217.26.24.217' port=443 local_address=None timeout=10.0 socket_options=None
2025-11-06 14:31:25,950 - DEBUG - connect_tcp.complete return_value=<httpcore._backends.anyio.AnyIOStream object at 0x7fd90863fa90>
2025-11-06 14:31:25,950 - DEBUG - send_request_headers.started request=<Request [b'POST']>
2025-11-06 14:31:25,950 - DEBUG - send_request_headers.complete
2025-11-06 14:31:25,950 - DEBUG - send_request_body.started request=<Request [b'POST']>
2025-11-06 14:31:25,950 - DEBUG - send_request_body.complete
2025-11-06 14:31:25,950 - DEBUG - receive_response_headers.started request=<Request [b'POST']>
2025-11-06 14:31:26,204 - DEBUG - receive_response_headers.complete return_value=(b'HTTP/1.1', 200, b'OK', [(b'Content-Type', b'application/json; charset=utf-8'), (b'Content-Length', b'12'), (b'Date', b'Thu, 06 Nov 2025 14:31:26 GMT'), (b'Server', b'Python/3.11 aiohttp/3.12.15')])
2025-11-06 14:31:26,205 - INFO - HTTP Request: POST http://217.26.24.217:443/handle_worker_answers "HTTP/1.1 200 OK"
2025-11-06 14:31:26,205 - DEBUG - receive_response_body.started request=<Request [b'POST']>
2025-11-06 14:31:26,205 - DEBUG - receive_response_body.complete
2025-11-06 14:31:26,205 - DEBUG - response_closed.started
2025-11-06 14:31:26,205 - DEBUG - response_closed.complete
2025-11-06 14:31:26,206 - DEBUG - close.started
2025-11-06 14:31:26,206 - DEBUG - close.complete
2025-11-06 14:31:26,206 - INFO - Asynchronous result submit_emp_answers:
2025-11-06 14:31:26,206 - INFO - {'status': 'ok'}
2025-11-06 14:31:26,206 - INFO - INFO:     172.18.0.4:33274 - "POST /submit_emp_answers?actor_username=%40iluxass HTTP/1.0" 200 OK
2025-11-06 14:34:54,111 - INFO - Asynchronous call: get_questions
2025-11-06 14:34:54,111 - INFO - Asynchronous call: get_questions_query
2025-11-06 14:34:54,114 - INFO - Asynchronous result get_questions_query:
2025-11-06 14:34:54,114 - INFO - {"1": "роль ", "2": "должность "}
2025-11-06 14:34:54,114 - INFO - Asynchronous result get_questions:
2025-11-06 14:34:54,114 - INFO - {'questions': ['роль ', 'должность ']}
2025-11-06 14:34:54,114 - INFO - INFO:     172.18.0.4:51778 - "GET /get_questions?username=%40svya70slav HTTP/1.0" 200 OK
2025-11-06 14:36:00,346 - INFO - Asynchronous call: submit_emp_answers
2025-11-06 14:36:00,346 - INFO - Asynchronous call: get_bosses_tg_ids_query
2025-11-06 14:36:00,349 - INFO - Asynchronous result get_bosses_tg_ids_query:
2025-11-06 14:36:00,349 - INFO - {'found': {'@iluxass': 591009822}, 'not_found': []}
2025-11-06 14:36:00,349 - INFO - Asynchronous call: get_user_ids
2025-11-06 14:36:00,350 - INFO - Asynchronous result get_user_ids:
2025-11-06 14:36:00,350 - INFO - [1231738294]
2025-11-06 14:36:00,350 - INFO - Asynchronous call: save_answers_by_username_query
2025-11-06 14:36:00,353 - INFO - Asynchronous result save_answers_by_username_query:
2025-11-06 14:36:00,353 - INFO - 1
2025-11-06 14:36:00,354 - DEBUG - connect_tcp.started host='217.26.24.217' port=443 local_address=None timeout=10.0 socket_options=None
2025-11-06 14:36:00,355 - DEBUG - connect_tcp.complete return_value=<httpcore._backends.anyio.AnyIOStream object at 0x7fd90865d110>
2025-11-06 14:36:00,355 - DEBUG - send_request_headers.started request=<Request [b'POST']>
2025-11-06 14:36:00,355 - DEBUG - send_request_headers.complete
2025-11-06 14:36:00,355 - DEBUG - send_request_body.started request=<Request [b'POST']>
2025-11-06 14:36:00,356 - DEBUG - send_request_body.complete
2025-11-06 14:36:00,356 - DEBUG - receive_response_headers.started request=<Request [b'POST']>
2025-11-06 14:36:00,942 - DEBUG - receive_response_headers.complete return_value=(b'HTTP/1.1', 200, b'OK', [(b'Content-Type', b'application/json; charset=utf-8'), (b'Content-Length', b'12'), (b'Date', b'Thu, 06 Nov 2025 14:36:00 GMT'), (b'Server', b'Python/3.11 aiohttp/3.12.15')])
2025-11-06 14:36:00,942 - INFO - HTTP Request: POST http://217.26.24.217:443/handle_worker_answers "HTTP/1.1 200 OK"
2025-11-06 14:36:00,942 - DEBUG - receive_response_body.started request=<Request [b'POST']>
2025-11-06 14:36:00,943 - DEBUG - receive_response_body.complete
2025-11-06 14:36:00,943 - DEBUG - response_closed.started
2025-11-06 14:36:00,943 - DEBUG - response_closed.complete
2025-11-06 14:36:00,943 - DEBUG - close.started
2025-11-06 14:36:00,943 - DEBUG - close.complete
2025-11-06 14:36:00,943 - INFO - Asynchronous result submit_emp_answers:
2025-11-06 14:36:00,943 - INFO - {'status': 'ok'}
2025-11-06 14:36:00,944 - INFO - INFO:     172.18.0.4:57358 - "POST /submit_emp_answers?actor_username=%40svya70slav HTTP/1.0" 200 OK
2025-11-06 15:05:28,230 - INFO - Asynchronous call: get_questions
2025-11-06 15:05:28,230 - INFO - Asynchronous call: get_questions_query
2025-11-06 15:05:28,279 - INFO - Asynchronous result get_questions_query:
2025-11-06 15:05:28,279 - INFO - {"1": "роль ", "2": "должность "}
2025-11-06 15:05:28,279 - INFO - Asynchronous result get_questions:
2025-11-06 15:05:28,279 - INFO - {'questions': ['роль ', 'должность ']}
2025-11-06 15:05:28,279 - INFO - INFO:     172.18.0.4:34794 - "GET /get_questions?username=%40moiseevanton2 HTTP/1.0" 200 OK
2025-11-06 15:06:05,360 - INFO - Asynchronous call: submit_emp_answers
2025-11-06 15:06:05,360 - INFO - Asynchronous call: get_bosses_tg_ids_query
2025-11-06 15:06:05,363 - INFO - Asynchronous result get_bosses_tg_ids_query:
2025-11-06 15:06:05,363 - INFO - {'found': {'@svya70slav': 1231738294}, 'not_found': []}
2025-11-06 15:06:05,363 - INFO - Asynchronous call: get_user_ids
2025-11-06 15:06:05,373 - INFO - Asynchronous result get_user_ids:
2025-11-06 15:06:05,373 - INFO - [8030380936]
2025-11-06 15:06:05,373 - INFO - Asynchronous call: save_answers_by_username_query
2025-11-06 15:06:05,376 - INFO - Asynchronous result save_answers_by_username_query:
2025-11-06 15:06:05,376 - INFO - 1
2025-11-06 15:06:05,377 - DEBUG - connect_tcp.started host='217.26.24.217' port=443 local_address=None timeout=10.0 socket_options=None
2025-11-06 15:06:05,378 - DEBUG - connect_tcp.complete return_value=<httpcore._backends.anyio.AnyIOStream object at 0x7fd90865f190>
2025-11-06 15:06:05,378 - DEBUG - send_request_headers.started request=<Request [b'POST']>
2025-11-06 15:06:05,378 - DEBUG - send_request_headers.complete
2025-11-06 15:06:05,378 - DEBUG - send_request_body.started request=<Request [b'POST']>
2025-11-06 15:06:05,378 - DEBUG - send_request_body.complete
2025-11-06 15:06:05,378 - DEBUG - receive_response_headers.started request=<Request [b'POST']>
2025-11-06 15:06:05,606 - DEBUG - receive_response_headers.complete return_value=(b'HTTP/1.1', 200, b'OK', [(b'Content-Type', b'application/json; charset=utf-8'), (b'Content-Length', b'12'), (b'Date', b'Thu, 06 Nov 2025 15:06:05 GMT'), (b'Server', b'Python/3.11 aiohttp/3.12.15')])
2025-11-06 15:06:05,606 - INFO - HTTP Request: POST http://217.26.24.217:443/handle_worker_answers "HTTP/1.1 200 OK"
2025-11-06 15:06:05,606 - DEBUG - receive_response_body.started request=<Request [b'POST']>
2025-11-06 15:06:05,606 - DEBUG - receive_response_body.complete
2025-11-06 15:06:05,606 - DEBUG - response_closed.started
2025-11-06 15:06:05,607 - DEBUG - response_closed.complete
2025-11-06 15:06:05,607 - DEBUG - close.started
2025-11-06 15:06:05,607 - DEBUG - close.complete
2025-11-06 15:06:05,607 - INFO - Asynchronous result submit_emp_answers:
2025-11-06 15:06:05,607 - INFO - {'status': 'ok'}
2025-11-06 15:06:05,607 - INFO - INFO:     172.18.0.4:38862 - "POST /submit_emp_answers?actor_username=%40moiseevanton2 HTTP/1.0" 200 OK
2025-11-06 15:06:26,400 - INFO - Asynchronous call: get_subordinates
2025-11-06 15:06:26,400 - INFO - Asynchronous call: get_all_subordinates
2025-11-06 15:06:26,401 - INFO - Asynchronous call: get_my_meetings
2025-11-06 15:06:26,401 - INFO - Asynchronous call: get_meetings_by_creator_query
2025-11-06 15:06:26,408 - INFO - Asynchronous result get_all_subordinates:
2025-11-06 15:06:26,408 - INFO - []
2025-11-06 15:06:26,408 - INFO - Asynchronous result get_subordinates:
2025-11-06 15:06:26,408 - INFO - {'subordinates': []}
2025-11-06 15:06:26,409 - INFO - INFO:     172.18.0.4:41676 - "GET /get_subordinates?username=%40moiseevanton2 HTTP/1.0" 200 OK
2025-11-06 15:06:26,429 - INFO - Asynchronous result get_meetings_by_creator_query:
2025-11-06 15:06:26,430 - INFO - []
2025-11-06 15:06:26,430 - INFO - Asynchronous result get_my_meetings:
2025-11-06 15:06:26,430 - INFO - {'meetings': []}
2025-11-06 15:06:26,430 - INFO - INFO:     172.18.0.4:41688 - "GET /get_meetings?username=%40moiseevanton2 HTTP/1.0" 200 OK
2025-11-06 15:42:29,658 - INFO - Asynchronous call: get_my_meetings
2025-11-06 15:42:29,658 - INFO - Asynchronous call: get_meetings_by_creator_query
2025-11-06 15:42:29,660 - INFO - Asynchronous call: get_subordinates
2025-11-06 15:42:29,660 - INFO - Asynchronous call: get_all_subordinates
2025-11-06 15:42:29,722 - INFO - Asynchronous result get_all_subordinates:
2025-11-06 15:42:29,722 - INFO - [<Record username='@moiseevanton2' fullname='Моисеев Антон Октаевич'>]
2025-11-06 15:42:29,722 - INFO - Asynchronous result get_subordinates:
2025-11-06 15:42:29,722 - INFO - {'subordinates': [{'username': '@moiseevanton2', 'fullname': 'Моисеев Антон Октаевич'}]}
2025-11-06 15:42:29,723 - INFO - INFO:     172.18.0.4:50534 - "GET /get_subordinates?username=%40svya70slav HTTP/1.0" 200 OK
2025-11-06 15:42:29,725 - INFO - Asynchronous result get_meetings_by_creator_query:
2025-11-06 15:42:29,725 - INFO - []
2025-11-06 15:42:29,725 - INFO - Asynchronous result get_my_meetings:
2025-11-06 15:42:29,725 - INFO - {'meetings': []}
2025-11-06 15:42:29,725 - INFO - INFO:     172.18.0.4:50530 - "GET /get_meetings?username=%40svya70slav HTTP/1.0" 200 OK
2025-11-06 15:46:36,264 - INFO - Asynchronous call: create_meeting
2025-11-06 15:46:36,264 - INFO - 0
2025-11-06 15:46:36,264 - INFO - Asynchronous call: create_meeting_handler
2025-11-06 15:46:36,264 - INFO - 1
2025-11-06 15:46:36,265 - INFO - 2
2025-11-06 15:46:36,265 - DEBUG - connect_tcp.started host='217.26.24.217' port=443 local_address=None timeout=10.0 socket_options=None
2025-11-06 15:46:36,266 - DEBUG - connect_tcp.complete return_value=<httpcore._backends.anyio.AnyIOStream object at 0x7fd908f1f650>
2025-11-06 15:46:36,266 - DEBUG - send_request_headers.started request=<Request [b'POST']>
2025-11-06 15:46:36,267 - DEBUG - send_request_headers.complete
2025-11-06 15:46:36,267 - DEBUG - send_request_body.started request=<Request [b'POST']>
2025-11-06 15:46:36,267 - DEBUG - send_request_body.complete
2025-11-06 15:46:36,267 - DEBUG - receive_response_headers.started request=<Request [b'POST']>
2025-11-06 15:46:36,572 - DEBUG - receive_response_headers.complete return_value=(b'HTTP/1.1', 200, b'OK', [(b'Content-Type', b'application/json; charset=utf-8'), (b'Content-Length', b'40'), (b'Date', b'Thu, 06 Nov 2025 15:46:36 GMT'), (b'Server', b'Python/3.11 aiohttp/3.12.15')])
2025-11-06 15:46:36,572 - INFO - HTTP Request: POST http://217.26.24.217:443/create_meeting "HTTP/1.1 200 OK"
2025-11-06 15:46:36,572 - DEBUG - receive_response_body.started request=<Request [b'POST']>
2025-11-06 15:46:36,572 - DEBUG - receive_response_body.complete
2025-11-06 15:46:36,573 - DEBUG - response_closed.started
2025-11-06 15:46:36,573 - DEBUG - response_closed.complete
2025-11-06 15:46:36,573 - DEBUG - close.started
2025-11-06 15:46:36,573 - DEBUG - close.complete
2025-11-06 15:46:36,573 - INFO - 3
2025-11-06 15:46:36,573 - INFO - 6
2025-11-06 15:46:36,573 - INFO - 7
2025-11-06 15:46:36,573 - INFO - Asynchronous result create_meeting_handler:
2025-11-06 15:46:36,573 - INFO - {'ok': True, 'id': 3, 'echo': {'ok': True, 'sent': 1, 'meeting_id': 3}}
2025-11-06 15:46:36,573 - INFO - 8
2025-11-06 15:46:36,573 - INFO - Asynchronous result create_meeting:
2025-11-06 15:46:36,573 - INFO - {'ok': True, 'id': 3, 'echo': {'ok': True, 'sent': 1, 'meeting_id': 3}}
2025-11-06 15:46:36,574 - INFO - INFO:     172.18.0.4:38990 - "POST /create_meeting HTTP/1.0" 200 OK
2025-11-06 15:46:53,792 - INFO - Asynchronous call: get_my_meetings
2025-11-06 15:46:53,792 - INFO - Asynchronous call: get_meetings_by_creator_query
2025-11-06 15:46:53,795 - INFO - Asynchronous result get_meetings_by_creator_query:
2025-11-06 15:46:53,795 - INFO - [{'id': 3, 'topic': 'Тестовое создание встречи', 'members': ['@moiseevanton2'], 'time': '2025-11-07T13:00:00', 'link': 'https://telemost.yandex.ru/j/66730475432814'}]
2025-11-06 15:46:53,795 - INFO - Asynchronous result get_my_meetings:
2025-11-06 15:46:53,795 - INFO - {'meetings': [{'id': 3, 'topic': 'Тестовое создание встречи', 'members': ['@moiseevanton2'], 'time': '2025-11-07T13:00:00', 'link': 'https://telemost.yandex.ru/j/66730475432814'}]}
2025-11-06 15:46:53,795 - INFO - INFO:     172.18.0.4:47618 - "GET /get_meetings?username=%40svya70slav HTTP/1.0" 200 OK
2025-11-06 15:46:53,826 - INFO - Asynchronous call: get_subordinates
2025-11-06 15:46:53,826 - INFO - Asynchronous call: get_all_subordinates
2025-11-06 15:46:53,829 - INFO - Asynchronous result get_all_subordinates:
2025-11-06 15:46:53,829 - INFO - [<Record username='@moiseevanton2' fullname='Моисеев Антон Октаевич'>]
2025-11-06 15:46:53,829 - INFO - Asynchronous result get_subordinates:
2025-11-06 15:46:53,829 - INFO - {'subordinates': [{'username': '@moiseevanton2', 'fullname': 'Моисеев Антон Октаевич'}]}
2025-11-06 15:46:53,830 - INFO - INFO:     172.18.0.4:47626 - "GET /get_subordinates?username=%40svya70slav HTTP/1.0" 200 OK
2025-11-06 20:59:45,735 - INFO - Asynchronous call: get_my_meetings
2025-11-06 20:59:45,735 - INFO - Asynchronous call: get_meetings_by_creator_query
2025-11-06 20:59:45,737 - INFO - Asynchronous call: get_subordinates
2025-11-06 20:59:45,737 - INFO - Asynchronous call: get_all_subordinates
2025-11-06 20:59:45,858 - INFO - Asynchronous result get_meetings_by_creator_query:
2025-11-06 20:59:45,858 - INFO - [{'id': 2, 'topic': 'Созвон по боту', 'members': ['@imishgen'], 'time': '2025-11-06T14:05:00', 'link': 'https://esscale.ru'}]
2025-11-06 20:59:45,858 - INFO - Asynchronous result get_my_meetings:
2025-11-06 20:59:45,858 - INFO - {'meetings': [{'id': 2, 'topic': 'Созвон по боту', 'members': ['@imishgen'], 'time': '2025-11-06T14:05:00', 'link': 'https://esscale.ru'}]}
2025-11-06 20:59:45,858 - INFO - INFO:     172.18.0.4:35208 - "GET /get_meetings?username=%40moiseyevanton HTTP/1.0" 200 OK
2025-11-06 20:59:45,859 - INFO - Asynchronous result get_all_subordinates:
2025-11-06 20:59:45,860 - INFO - [<Record username='@imishgen' fullname='Величко Михаил Павлович'>, <Record username='@rin_rin16' fullname='Рынкевич Даниил Гелавич'>, <Record username='@kseni_laxx' fullname='Литвиненко Ксени Витальевна'>, <Record username='@riftinink' fullname='Зулкашев Мурат Саматович'>, <Record username='@AlexandrTusikov' fullname='Тусиков Александр Александрович'>, <Record username='@madam_mayor' fullname='Кармалитова Екатерина Александровна'>]
2025-11-06 20:59:45,860 - INFO - Asynchronous result get_subordinates:
2025-11-06 20:59:45,860 - INFO - {'subordinates': [{'username': '@imishgen', 'fullname': 'Величко Михаил Павлович'}, {'username': '@rin_rin16', 'fullname': 'Рынкевич Даниил Гелавич'}, {'username': '@kseni_laxx', 'fullname': 'Литвиненко Ксени Витальевна'}, {'username': '@riftinink', 'fullname': 'Зулкашев Мурат Саматович'}, {'username': '@AlexandrTusikov', 'fullname': 'Тусиков Александр Александрович'}, {'username': '@madam_mayor', 'fullname': 'Кармалитова Екатерина Александровна'}]}
2025-11-06 20:59:45,860 - INFO - INFO:     172.18.0.4:35222 - "GET /get_subordinates?username=%40moiseyevanton HTTP/1.0" 200 OK
2025-11-06 21:00:25,019 - INFO - Asynchronous call: create_meeting
2025-11-06 21:00:25,019 - INFO - 0
2025-11-06 21:00:25,019 - INFO - Asynchronous call: create_meeting_handler
2025-11-06 21:00:25,019 - INFO - 1
2025-11-06 21:00:25,020 - INFO - 2
2025-11-06 21:00:25,020 - DEBUG - connect_tcp.started host='217.26.24.217' port=443 local_address=None timeout=10.0 socket_options=None
2025-11-06 21:00:25,022 - DEBUG - connect_tcp.complete return_value=<httpcore._backends.anyio.AnyIOStream object at 0x7fd908480450>
2025-11-06 21:00:25,022 - DEBUG - send_request_headers.started request=<Request [b'POST']>
2025-11-06 21:00:25,022 - DEBUG - send_request_headers.complete
2025-11-06 21:00:25,022 - DEBUG - send_request_body.started request=<Request [b'POST']>
2025-11-06 21:00:25,022 - DEBUG - send_request_body.complete
2025-11-06 21:00:25,022 - DEBUG - receive_response_headers.started request=<Request [b'POST']>
2025-11-06 21:00:25,256 - DEBUG - receive_response_headers.complete return_value=(b'HTTP/1.1', 200, b'OK', [(b'Content-Type', b'application/json; charset=utf-8'), (b'Content-Length', b'40'), (b'Date', b'Thu, 06 Nov 2025 21:00:25 GMT'), (b'Server', b'Python/3.11 aiohttp/3.12.15')])
2025-11-06 21:00:25,257 - INFO - HTTP Request: POST http://217.26.24.217:443/create_meeting "HTTP/1.1 200 OK"
2025-11-06 21:00:25,257 - DEBUG - receive_response_body.started request=<Request [b'POST']>
2025-11-06 21:00:25,257 - DEBUG - receive_response_body.complete
2025-11-06 21:00:25,257 - DEBUG - response_closed.started
2025-11-06 21:00:25,257 - DEBUG - response_closed.complete
2025-11-06 21:00:25,257 - DEBUG - close.started
2025-11-06 21:00:25,258 - DEBUG - close.complete
2025-11-06 21:00:25,258 - INFO - 3
2025-11-06 21:00:25,258 - INFO - 6
2025-11-06 21:00:25,258 - INFO - 7
2025-11-06 21:00:25,258 - INFO - Asynchronous result create_meeting_handler:
2025-11-06 21:00:25,258 - INFO - {'ok': True, 'id': 4, 'echo': {'ok': True, 'sent': 2, 'meeting_id': 4}}
2025-11-06 21:00:25,258 - INFO - 8
2025-11-06 21:00:25,258 - INFO - Asynchronous result create_meeting:
2025-11-06 21:00:25,258 - INFO - {'ok': True, 'id': 4, 'echo': {'ok': True, 'sent': 2, 'meeting_id': 4}}
2025-11-06 21:00:25,258 - INFO - INFO:     172.18.0.4:39730 - "POST /create_meeting HTTP/1.0" 200 OK
2025-11-06 23:44:00,623 - INFO - INFO:     172.18.0.4:33424 - "GET /.env HTTP/1.0" 404 Not Found
2025-11-06 23:44:45,661 - INFO - INFO:     172.18.0.4:42072 - "GET /v1/.env HTTP/1.0" 404 Not Found
2025-11-06 23:44:46,010 - INFO - INFO:     172.18.0.4:42078 - "GET /v2/.env HTTP/1.0" 404 Not Found
2025-11-06 23:45:26,026 - INFO - INFO:     172.18.0.4:36850 - "GET /config.php HTTP/1.0" 404 Not Found
2025-11-06 23:45:26,376 - INFO - INFO:     172.18.0.4:36858 - "GET /keys.json HTTP/1.0" 404 Not Found
2025-11-07 04:01:10,208 - DEBUG - Using selector: EpollSelector
2025-11-07 04:01:10,442 - INFO - Успешное подключение к Redis
2025-11-07 04:01:10,467 - ERROR - INFO:     Started server process [7]
2025-11-07 04:01:10,467 - ERROR - INFO:     Waiting for application startup.
2025-11-07 04:01:10,653 - INFO - Connection to the database is established
2025-11-07 04:01:10,653 - INFO - 
2025-11-07 04:01:10,653 - INFO - Запуск REST API сервера...
2025-11-07 04:01:10,653 - ERROR - INFO:     Application startup complete.
2025-11-07 04:01:10,653 - ERROR - INFO:     Uvicorn running on http://0.0.0.0:5001 (Press CTRL+C to quit)
2025-11-07 14:30:34,960 - INFO - INFO:     172.18.0.4:57256 - "GET /.env HTTP/1.0" 404 Not Found
2025-11-07 15:28:14,195 - INFO - Asynchronous call: get_my_meetings
2025-11-07 15:28:14,196 - INFO - Asynchronous call: get_meetings_by_creator_query
2025-11-07 15:28:14,198 - INFO - Asynchronous call: get_subordinates
2025-11-07 15:28:14,198 - INFO - Asynchronous call: get_all_subordinates
2025-11-07 15:28:14,260 - INFO - Asynchronous result get_meetings_by_creator_query:
2025-11-07 15:28:14,260 - INFO - [{'id': 4, 'topic': 'Пися', 'members': ['@riftinink', '@imishgen'], 'time': '2025-11-07T01:59:00', 'link': 'https://debil.com'}, {'id': 2, 'topic': 'Созвон по боту', 'members': ['@imishgen'], 'time': '2025-11-06T14:05:00', 'link': 'https://esscale.ru'}]
2025-11-07 15:28:14,260 - INFO - Asynchronous result get_my_meetings:
2025-11-07 15:28:14,260 - INFO - {'meetings': [{'id': 4, 'topic': 'Пися', 'members': ['@riftinink', '@imishgen'], 'time': '2025-11-07T01:59:00', 'link': 'https://debil.com'}, {'id': 2, 'topic': 'Созвон по боту', 'members': ['@imishgen'], 'time': '2025-11-06T14:05:00', 'link': 'https://esscale.ru'}]}
2025-11-07 15:28:14,260 - INFO - INFO:     172.18.0.4:41284 - "GET /get_meetings?username=%40moiseyevanton HTTP/1.0" 200 OK
2025-11-07 15:28:14,261 - INFO - Asynchronous result get_all_subordinates:
2025-11-07 15:28:14,262 - INFO - [<Record username='@imishgen' fullname='Величко Михаил Павлович'>, <Record username='@rin_rin16' fullname='Рынкевич Даниил Гелавич'>, <Record username='@kseni_laxx' fullname='Литвиненко Ксени Витальевна'>, <Record username='@riftinink' fullname='Зулкашев Мурат Саматович'>, <Record username='@AlexandrTusikov' fullname='Тусиков Александр Александрович'>, <Record username='@madam_mayor' fullname='Кармалитова Екатерина Александровна'>]
2025-11-07 15:28:14,262 - INFO - Asynchronous result get_subordinates:
2025-11-07 15:28:14,262 - INFO - {'subordinates': [{'username': '@imishgen', 'fullname': 'Величко Михаил Павлович'}, {'username': '@rin_rin16', 'fullname': 'Рынкевич Даниил Гелавич'}, {'username': '@kseni_laxx', 'fullname': 'Литвиненко Ксени Витальевна'}, {'username': '@riftinink', 'fullname': 'Зулкашев Мурат Саматович'}, {'username': '@AlexandrTusikov', 'fullname': 'Тусиков Александр Александрович'}, {'username': '@madam_mayor', 'fullname': 'Кармалитова Екатерина Александровна'}]}
2025-11-07 15:28:14,262 - INFO - INFO:     172.18.0.4:41288 - "GET /get_subordinates?username=%40moiseyevanton HTTP/1.0" 200 OK
2025-11-07 15:31:35,931 - INFO - Asynchronous call: delete_meeting
2025-11-07 15:31:35,940 - DEBUG - connect_tcp.started host='217.26.24.217' port=443 local_address=None timeout=10.0 socket_options=None
2025-11-07 15:31:35,942 - DEBUG - connect_tcp.complete return_value=<httpcore._backends.anyio.AnyIOStream object at 0x7fccd4f04490>
2025-11-07 15:31:35,942 - DEBUG - send_request_headers.started request=<Request [b'DELETE']>
2025-11-07 15:31:35,942 - DEBUG - send_request_headers.complete
2025-11-07 15:31:35,942 - DEBUG - send_request_body.started request=<Request [b'DELETE']>
2025-11-07 15:31:35,942 - DEBUG - send_request_body.complete
2025-11-07 15:31:35,942 - DEBUG - receive_response_headers.started request=<Request [b'DELETE']>
2025-11-07 15:31:36,252 - DEBUG - receive_response_headers.complete return_value=(b'HTTP/1.1', 200, b'OK', [(b'Content-Type', b'application/json; charset=utf-8'), (b'Content-Length', b'23'), (b'Date', b'Fri, 07 Nov 2025 15:31:36 GMT'), (b'Server', b'Python/3.11 aiohttp/3.12.15')])
2025-11-07 15:31:36,253 - INFO - HTTP Request: DELETE http://217.26.24.217:443/delete_meeting "HTTP/1.1 200 OK"
2025-11-07 15:31:36,253 - DEBUG - receive_response_body.started request=<Request [b'DELETE']>
2025-11-07 15:31:36,253 - DEBUG - receive_response_body.complete
2025-11-07 15:31:36,253 - DEBUG - response_closed.started
2025-11-07 15:31:36,253 - DEBUG - response_closed.complete
2025-11-07 15:31:36,253 - DEBUG - close.started
2025-11-07 15:31:36,254 - DEBUG - close.complete
2025-11-07 15:31:36,254 - INFO - Asynchronous call: cache_meeting_delete_wrapper
2025-11-07 15:31:36,257 - INFO - cache_meeting_delete: CACHE HIT (hit=1, miss=0, hit%=100.0)
2025-11-07 15:31:36,257 - INFO - Asynchronous result cache_meeting_delete_wrapper:
2025-11-07 15:31:36,257 - INFO - True
2025-11-07 15:31:36,257 - INFO - Asynchronous result delete_meeting:
2025-11-07 15:31:36,257 - INFO - {'ok': True}
2025-11-07 15:31:36,258 - INFO - INFO:     172.18.0.4:52194 - "DELETE /delete_meeting?meeting_id=4 HTTP/1.0" 200 OK
2025-11-07 15:31:36,384 - INFO - Asynchronous call: get_my_meetings
2025-11-07 15:31:36,385 - INFO - Asynchronous call: get_meetings_by_creator_query
2025-11-07 15:31:36,388 - INFO - Asynchronous result get_meetings_by_creator_query:
2025-11-07 15:31:36,388 - INFO - [{'id': 2, 'topic': 'Созвон по боту', 'members': ['@imishgen'], 'time': '2025-11-06T14:05:00', 'link': 'https://esscale.ru'}]
2025-11-07 15:31:36,388 - INFO - Asynchronous result get_my_meetings:
2025-11-07 15:31:36,388 - INFO - {'meetings': [{'id': 2, 'topic': 'Созвон по боту', 'members': ['@imishgen'], 'time': '2025-11-06T14:05:00', 'link': 'https://esscale.ru'}]}
2025-11-07 15:31:36,388 - INFO - INFO:     172.18.0.4:52196 - "GET /get_meetings?username=%40moiseyevanton HTTP/1.0" 200 OK
2025-11-07 15:31:38,169 - INFO - Asynchronous call: delete_meeting
2025-11-07 15:31:38,170 - DEBUG - connect_tcp.started host='217.26.24.217' port=443 local_address=None timeout=10.0 socket_options=None
2025-11-07 15:31:38,171 - DEBUG - connect_tcp.complete return_value=<httpcore._backends.anyio.AnyIOStream object at 0x7fccd32af810>
2025-11-07 15:31:38,171 - DEBUG - send_request_headers.started request=<Request [b'DELETE']>
2025-11-07 15:31:38,172 - DEBUG - send_request_headers.complete
2025-11-07 15:31:38,172 - DEBUG - send_request_body.started request=<Request [b'DELETE']>
2025-11-07 15:31:38,172 - DEBUG - send_request_body.complete
2025-11-07 15:31:38,172 - DEBUG - receive_response_headers.started request=<Request [b'DELETE']>
2025-11-07 15:31:38,544 - DEBUG - receive_response_headers.complete return_value=(b'HTTP/1.1', 200, b'OK', [(b'Content-Type', b'application/json; charset=utf-8'), (b'Content-Length', b'23'), (b'Date', b'Fri, 07 Nov 2025 15:31:38 GMT'), (b'Server', b'Python/3.11 aiohttp/3.12.15')])
2025-11-07 15:31:38,545 - INFO - HTTP Request: DELETE http://217.26.24.217:443/delete_meeting "HTTP/1.1 200 OK"
2025-11-07 15:31:38,545 - DEBUG - receive_response_body.started request=<Request [b'DELETE']>
2025-11-07 15:31:38,545 - DEBUG - receive_response_body.complete
2025-11-07 15:31:38,545 - DEBUG - response_closed.started
2025-11-07 15:31:38,545 - DEBUG - response_closed.complete
2025-11-07 15:31:38,545 - DEBUG - close.started
2025-11-07 15:31:38,546 - DEBUG - close.complete
2025-11-07 15:31:38,546 - INFO - Asynchronous call: cache_meeting_delete_wrapper
2025-11-07 15:31:38,549 - INFO - cache_meeting_delete: CACHE HIT (hit=2, miss=0, hit%=100.0)
2025-11-07 15:31:38,549 - INFO - Asynchronous result cache_meeting_delete_wrapper:
2025-11-07 15:31:38,549 - INFO - True
2025-11-07 15:31:38,549 - INFO - Asynchronous result delete_meeting:
2025-11-07 15:31:38,549 - INFO - {'ok': True}
2025-11-07 15:31:38,549 - INFO - INFO:     172.18.0.4:52210 - "DELETE /delete_meeting?meeting_id=2 HTTP/1.0" 200 OK
2025-11-07 15:31:38,670 - INFO - Asynchronous call: get_my_meetings
2025-11-07 15:31:38,670 - INFO - Asynchronous call: get_meetings_by_creator_query
2025-11-07 15:31:38,672 - INFO - Asynchronous result get_meetings_by_creator_query:
2025-11-07 15:31:38,672 - INFO - []
2025-11-07 15:31:38,672 - INFO - Asynchronous result get_my_meetings:
2025-11-07 15:31:38,672 - INFO - {'meetings': []}
2025-11-07 15:31:38,672 - INFO - INFO:     172.18.0.4:52220 - "GET /get_meetings?username=%40moiseyevanton HTTP/1.0" 200 OK
