2025-11-06 10:10:46,982 - INFO - cache_registration_check: CACHE MISS (hit=0, miss=1, hit%=0.0)
2025-11-06 10:11:05,353 - INFO - cache_new_user_price_w_city: CACHE MISS (hit=0, miss=1, hit%=0.0)
2025-11-06 10:15:35,847 - INFO - cache_company_by_chat: CACHE HIT (hit=1, miss=0, hit%=100.0)
2025-11-06 10:15:35,851 - INFO - cache_new_user_without_info: CACHE HIT (hit=1, miss=0, hit%=100.0)
2025-11-06 10:19:43,396 - INFO - cache_company_by_chat: CACHE HIT (hit=2, miss=0, hit%=100.0)
2025-11-06 10:19:43,399 - INFO - cache_new_user_without_info: CACHE HIT (hit=2, miss=0, hit%=100.0)
2025-11-06 10:19:57,480 - INFO - cache_registration_check: CACHE MISS (hit=0, miss=2, hit%=0.0)
2025-11-06 10:20:15,505 - INFO - cache_registration_check: CACHE HIT (hit=1, miss=2, hit%=33.33)
2025-11-06 10:20:34,500 - INFO - cache_new_user_price_w_city: CACHE MISS (hit=0, miss=2, hit%=0.0)
2025-11-06 10:21:00,980 - INFO - cache_new_user_price_w_city: CACHE MISS (hit=0, miss=3, hit%=0.0)
2025-11-06 10:21:14,585 - INFO - cache_new_user_price_w_city: CACHE MISS (hit=0, miss=4, hit%=0.0)
2025-11-06 10:21:19,051 - INFO - cache_company_by_chat: CACHE HIT (hit=3, miss=0, hit%=100.0)
2025-11-06 10:21:19,082 - INFO - cache_new_user_price_w_city: CACHE HIT (hit=1, miss=4, hit%=20.0)
2025-11-06 10:22:03,669 - INFO - cache_new_user_price_w_city: CACHE MISS (hit=1, miss=5, hit%=16.67)
2025-11-06 10:22:27,359 - INFO - cache_company_periods_get: CACHE MISS (hit=0, miss=1, hit%=0.0)
2025-11-06 10:26:42,336 - INFO - cache_new_user_price_w_city: CACHE MISS (hit=1, miss=6, hit%=14.29)
2025-11-06 10:26:48,759 - INFO - cache_new_user_price_w_city: CACHE HIT (hit=2, miss=6, hit%=25.0)
2025-11-06 10:33:46,090 - INFO - cache_registration_check: CACHE MISS (hit=0, miss=1, hit%=0.0)
2025-11-06 10:33:54,937 - INFO - cache_new_user_price_w_city: CACHE MISS (hit=0, miss=1, hit%=0.0)
2025-11-06 10:37:22,790 - INFO - cache_registration_check: CACHE MISS (hit=0, miss=2, hit%=0.0)
2025-11-06 10:37:41,204 - INFO - cache_new_user_price_w_city: CACHE MISS (hit=0, miss=2, hit%=0.0)
2025-11-06 10:39:53,947 - INFO - cache_company_by_chat: CACHE HIT (hit=1, miss=0, hit%=100.0)
2025-11-06 10:39:53,951 - INFO - cache_new_user_without_info: CACHE HIT (hit=1, miss=0, hit%=100.0)
2025-11-06 10:40:58,766 - INFO - cache_company_by_chat: CACHE HIT (hit=2, miss=0, hit%=100.0)
2025-11-06 10:40:58,770 - INFO - cache_new_user_without_info: CACHE HIT (hit=2, miss=0, hit%=100.0)
2025-11-06 10:42:02,660 - INFO - cache_company_by_chat: CACHE HIT (hit=3, miss=0, hit%=100.0)
2025-11-06 10:42:02,663 - INFO - cache_new_user_without_info: CACHE HIT (hit=3, miss=0, hit%=100.0)
2025-11-06 10:42:12,014 - INFO - cache_company_by_chat: CACHE HIT (hit=4, miss=0, hit%=100.0)
2025-11-06 10:42:12,017 - INFO - cache_new_user_without_info: CACHE HIT (hit=4, miss=0, hit%=100.0)
2025-11-06 10:42:27,036 - INFO - cache_registration_check: CACHE HIT (hit=1, miss=2, hit%=33.33)
2025-11-06 10:42:55,726 - INFO - cache_registration_check: CACHE HIT (hit=2, miss=2, hit%=50.0)
2025-11-06 10:46:13,712 - INFO - cache_company_periods_get: CACHE MISS (hit=0, miss=1, hit%=0.0)
2025-11-06 10:46:36,603 - INFO - cache_company_periods_get: CACHE MISS (hit=0, miss=2, hit%=0.0)
2025-11-06 10:47:47,458 - INFO - cache_company_by_chat: CACHE HIT (hit=5, miss=0, hit%=100.0)
2025-11-06 10:47:47,462 - INFO - cache_new_user_without_info: CACHE HIT (hit=5, miss=0, hit%=100.0)
2025-11-06 10:52:46,075 - INFO - cache_company_periods_get: CACHE HIT (hit=1, miss=2, hit%=33.33)
2025-11-06 10:53:34,817 - INFO - cache_company_periods_get: CACHE HIT (hit=2, miss=2, hit%=50.0)
2025-11-06 10:54:05,289 - INFO - cache_company_periods_get: CACHE HIT (hit=3, miss=2, hit%=60.0)
2025-11-06 10:54:27,447 - INFO - cache_company_periods_get: CACHE HIT (hit=4, miss=2, hit%=66.67)
2025-11-06 10:55:04,946 - INFO - cache_company_periods_get: CACHE HIT (hit=5, miss=2, hit%=71.43)
2025-11-06 10:55:21,016 - INFO - cache_company_periods_get: CACHE HIT (hit=6, miss=2, hit%=75.0)
2025-11-06 10:55:46,094 - INFO - cache_company_periods_get: CACHE HIT (hit=7, miss=2, hit%=77.78)
2025-11-06 11:00:16,532 - INFO - cache_company_periods_get: CACHE MISS (hit=7, miss=3, hit%=70.0)
2025-11-06 11:00:40,593 - INFO - cache_company_periods_get: CACHE HIT (hit=8, miss=3, hit%=72.73)
2025-11-06 11:02:38,951 - INFO - cache_company_periods_get: CACHE HIT (hit=9, miss=3, hit%=75.0)
2025-11-06 11:05:09,777 - INFO - cache_company_periods_get: CACHE HIT (hit=10, miss=3, hit%=76.92)
2025-11-06 11:05:46,069 - INFO - cache_company_periods_get: CACHE HIT (hit=11, miss=3, hit%=78.57)
2025-11-06 11:05:54,186 - INFO - cache_company_periods_get: CACHE HIT (hit=12, miss=3, hit%=80.0)
2025-11-06 11:07:31,327 - INFO - cache_registration_check: CACHE HIT (hit=3, miss=2, hit%=60.0)
2025-11-06 11:16:09,300 - INFO - cache_registration_check: CACHE HIT (hit=4, miss=2, hit%=66.67)
2025-11-06 12:12:55,588 - INFO - cache_registration_check: CACHE HIT (hit=5, miss=2, hit%=71.43)
2025-11-06 13:55:32,004 - INFO - cache_company_by_chat: CACHE HIT (hit=6, miss=0, hit%=100.0)
2025-11-06 13:55:32,058 - INFO - cache_new_user_without_info: CACHE HIT (hit=6, miss=0, hit%=100.0)
2025-11-06 13:55:32,133 - INFO - cache_company_by_chat: CACHE HIT (hit=7, miss=0, hit%=100.0)
2025-11-06 13:55:32,136 - INFO - cache_new_user_without_info: CACHE HIT (hit=7, miss=0, hit%=100.0)
2025-11-06 13:55:45,952 - INFO - cache_registration_check: CACHE HIT (hit=6, miss=2, hit%=75.0)
2025-11-06 14:25:07,498 - INFO - cache_registration_check: CACHE MISS (hit=6, miss=3, hit%=66.67)
2025-11-06 14:25:37,140 - INFO - cache_new_user_price_w_city: CACHE MISS (hit=0, miss=3, hit%=0.0)
2025-11-06 14:28:59,483 - INFO - cache_company_by_chat: CACHE HIT (hit=8, miss=0, hit%=100.0)
2025-11-06 14:28:59,487 - INFO - cache_new_user_without_info: CACHE HIT (hit=8, miss=0, hit%=100.0)
2025-11-06 14:29:18,557 - INFO - cache_registration_check: CACHE HIT (hit=7, miss=3, hit%=70.0)
2025-11-06 14:34:33,138 - INFO - cache_company_by_chat: CACHE HIT (hit=9, miss=0, hit%=100.0)
2025-11-06 14:34:33,142 - INFO - cache_new_user_without_info: CACHE HIT (hit=9, miss=0, hit%=100.0)
2025-11-06 14:34:46,430 - INFO - cache_registration_check: CACHE HIT (hit=8, miss=3, hit%=72.73)
2025-11-06 14:36:36,031 - INFO - cache_company_periods_get: CACHE MISS (hit=12, miss=4, hit%=75.0)
2025-11-06 14:36:48,657 - INFO - cache_company_periods_get: CACHE MISS (hit=12, miss=5, hit%=70.59)
2025-11-06 14:37:04,325 - INFO - cache_company_periods_get: CACHE MISS (hit=12, miss=6, hit%=66.67)
2025-11-06 14:53:00,866 - INFO - cache_company_periods_get: CACHE HIT (hit=13, miss=6, hit%=68.42)
2025-11-06 14:53:03,103 - INFO - cache_company_periods_get: CACHE HIT (hit=14, miss=6, hit%=70.0)
2025-11-06 15:05:00,476 - INFO - cache_company_by_chat: CACHE HIT (hit=10, miss=0, hit%=100.0)
2025-11-06 15:05:00,532 - INFO - cache_new_user_without_info: CACHE HIT (hit=10, miss=0, hit%=100.0)
2025-11-06 15:05:14,731 - INFO - cache_registration_check: CACHE HIT (hit=9, miss=3, hit%=75.0)
2025-11-06 15:08:42,791 - INFO - cache_company_by_chat: CACHE HIT (hit=11, miss=0, hit%=100.0)
2025-11-06 15:08:42,796 - INFO - cache_new_user_without_info: CACHE HIT (hit=11, miss=0, hit%=100.0)
2025-11-06 15:10:22,207 - INFO - cache_company_by_chat: CACHE HIT (hit=12, miss=0, hit%=100.0)
2025-11-06 19:13:59,111 - INFO - cache_company_periods_get: CACHE MISS (hit=14, miss=7, hit%=66.67)
2025-11-06 20:59:17,668 - INFO - cache_company_periods_get: CACHE HIT (hit=15, miss=7, hit%=68.18)
2025-11-06 21:03:05,858 - INFO - cache_company_periods_get: CACHE HIT (hit=16, miss=7, hit%=69.57)
2025-11-06 21:03:28,646 - INFO - cache_company_periods_get: CACHE HIT (hit=17, miss=7, hit%=70.83)
2025-11-06 21:03:51,259 - INFO - cache_company_periods_get: CACHE HIT (hit=18, miss=7, hit%=72.0)
2025-11-06 21:05:26,094 - INFO - cache_company_periods_get: CACHE MISS (hit=18, miss=8, hit%=69.23)
2025-11-07 04:02:33,167 - INFO - cache_meetings_without_summary: CACHE MISS (hit=0, miss=1, hit%=0.0)
2025-11-07 04:03:41,447 - INFO - get_meeting_time_by_id_query: CACHE HIT (hit=1, miss=0, hit%=100.0)
2025-11-07 04:03:41,860 - INFO - cache_meeting_summary_uploaded: CACHE HIT (hit=1, miss=0, hit%=100.0)
